Loaded Prisma config from prisma.config.ts.

Prisma schema loaded from prisma\schema.prisma.
Datasource "db": PostgreSQL database "credit_strategy_entry_f1_test", schema "public" at "127.0.0.1:5550"

70 migrations found in prisma/migrations

Applying migration `20260823224147_identity_roles_authentication`
Applying migration `20260823230224_goals_onboarding`
Applying migration `20260824015526_services_purchase_review_plan`
Applying migration `20260824023916_operational_readiness_foundation`
Applying migration `20260824030158_credit_profile_review_foundation`
Applying migration `20260824120500_credit_report_profile_contract`
Applying migration `20260824122000_review_information_requests`
Applying migration `20260824124000_review_structured_account_updates`
Applying migration `20260825211835_client_support_cases`
Applying migration `20260825215955_user_notifications`
Applying migration `20260825231500_client_card_portfolio`
Applying migration `20260826022000_application_cycles`
Applying migration `20260826213425_goal_annual_fee_preference`
Applying migration `20260826221028_service_definition_pricing`
Applying migration `20260827003000_review_intake_account_confirmation`
Applying migration `20260827013000_review_intake_change_details`
Applying migration `20260827023000_review_intake_card_reviews`
Applying migration `20260831022000_structural_reconciliation`
Applying migration `20260831030405_audit_outbox_idempotency_transaction_foundation`
Applying migration `20260831035536_better_auth_client_authentication`
Applying migration `20260831052510_staff_mfa_authorization`
Applying migration `20260831160152_documents_storage_providers`
Applying migration `20260831173000_notifications_email_integrations`
Applying migration `20260831180000_attention_work_queue_foundation`
Applying migration `20260831185000_early_support_foundation`
Applying migration `20260901013000_attention_claim_projection_integrity`
Applying migration `20260901050000_client_relationship_context`
Applying migration `20260901143000_goal_first_intake`
Applying migration `20260901170000_canonical_goal_preferences`
Applying migration `20260901170500_registration_claim_email_key`
Applying migration `20260901173000_journey_cycle_nurture_foundation`
Applying migration `20260901180000_service_products_commercial_ledger`
Applying migration `20260901181000_service_product_defaults`
Applying migration `20260901210000_payment_provider_paypal_foundation`
Applying migration `20260902000000_gateway_refund_dispute_reconciliation`
Applying migration `20260902050000_review_eligibility_reservation`
Applying migration `20260902054423_ai_runtime_process_registry`
Applying migration `20260902060000_credit_report_validation_state`
Applying migration `20260902070000_complete_card_portfolio`
Applying migration `20260902080000_client_update_provenance`
Applying migration `20260902090000_atomic_review_submission`
Applying migration `20260902162843_consultant_review_draft_workspace`
Applying migration `20260902170000_review_analysis_recommendation`
Applying migration `20260902180000_immutable_credit_review_publication`
Applying migration `20260902225012_shared_plan_engine_foundation`
Applying migration `20260902235829_card_catalog_foundation`
Applying migration `20260903002227_card_insight_process_definition`
Applying migration `20260903030000_seasonal_cycle_round_foundation`
Applying migration `20260903040000_phase12_strategy_foundation`
Applying migration `20260903190000_phase9_12_checkpoint_integrity`
Applying migration `20260903200000_phase13_1_appointments`
Applying migration `20260903210000_phase13_2_live_session`
Applying migration `20260903220000_phase13_3_prelive_confirmation`
Applying migration `20260903230000_phase13_4_credit_application`
Applying migration `20260904000000_phase13_5_execution_decision`
Applying migration `20260904010000_phase14_2_post_round_follow_up`
Applying migration `20260904020000_phase14_3_round_analysis`
Applying migration `20260904030000_phase14_4_round_finalization`
Applying migration `20260904040000_phase15_major_readiness`
Applying migration `20260904050000_phase15_reassessment_outcome`
Applying migration `20260904160000_phase16_support_completion`
Applying migration `20260904170000_phase17_workflow_rules`
Applying migration `20260904171000_phase17_scheduled_jobs`
Applying migration `20260904172000_phase17_retention`
Applying migration `20260904173000_phase17_platform_settings`
Applying migration `20260906120000_apc_wave1_integrity_recovery`
Applying migration `20260910190000_astra_plan_version_metadata`
Applying migration `20260910200000_astra_plan_evidence`
Applying migration `20260910210000_astra_response_drafts`
Applying migration `20260922000000_entry_f1`

The following migration(s) have been applied:

migrations/
  └─ 20260823224147_identity_roles_authentication/
    └─ migration.sql
  └─ 20260823230224_goals_onboarding/
    └─ migration.sql
  └─ 20260824015526_services_purchase_review_plan/
    └─ migration.sql
  └─ 20260824023916_operational_readiness_foundation/
    └─ migration.sql
  └─ 20260824030158_credit_profile_review_foundation/
    └─ migration.sql
  └─ 20260824120500_credit_report_profile_contract/
    └─ migration.sql
  └─ 20260824122000_review_information_requests/
    └─ migration.sql
  └─ 20260824124000_review_structured_account_updates/
    └─ migration.sql
  └─ 20260825211835_client_support_cases/
    └─ migration.sql
  └─ 20260825215955_user_notifications/
    └─ migration.sql
  └─ 20260825231500_client_card_portfolio/
    └─ migration.sql
  └─ 20260826022000_application_cycles/
    └─ migration.sql
  └─ 20260826213425_goal_annual_fee_preference/
    └─ migration.sql
  └─ 20260826221028_service_definition_pricing/
    └─ migration.sql
  └─ 20260827003000_review_intake_account_confirmation/
    └─ migration.sql
  └─ 20260827013000_review_intake_change_details/
    └─ migration.sql
  └─ 20260827023000_review_intake_card_reviews/
    └─ migration.sql
  └─ 20260831022000_structural_reconciliation/
    └─ migration.sql
  └─ 20260831030405_audit_outbox_idempotency_transaction_foundation/
    └─ migration.sql
  └─ 20260831035536_better_auth_client_authentication/
    └─ migration.sql
  └─ 20260831052510_staff_mfa_authorization/
    └─ migration.sql
  └─ 20260831160152_documents_storage_providers/
    └─ migration.sql
  └─ 20260831173000_notifications_email_integrations/
    └─ migration.sql
  └─ 20260831180000_attention_work_queue_foundation/
    └─ migration.sql
  └─ 20260831185000_early_support_foundation/
    └─ migration.sql
  └─ 20260901013000_attention_claim_projection_integrity/
    └─ migration.sql
  └─ 20260901050000_client_relationship_context/
    └─ migration.sql
  └─ 20260901143000_goal_first_intake/
    └─ migration.sql
  └─ 20260901170000_canonical_goal_preferences/
    └─ migration.sql
  └─ 20260901170500_registration_claim_email_key/
    └─ migration.sql
  └─ 20260901173000_journey_cycle_nurture_foundation/
    └─ migration.sql
  └─ 20260901180000_service_products_commercial_ledger/
    └─ migration.sql
  └─ 20260901181000_service_product_defaults/
    └─ migration.sql
  └─ 20260901210000_payment_provider_paypal_foundation/
    └─ migration.sql
  └─ 20260902000000_gateway_refund_dispute_reconciliation/
    └─ migration.sql
  └─ 20260902050000_review_eligibility_reservation/
    └─ migration.sql
  └─ 20260902054423_ai_runtime_process_registry/
    └─ migration.sql
  └─ 20260902060000_credit_report_validation_state/
    └─ migration.sql
  └─ 20260902070000_complete_card_portfolio/
    └─ migration.sql
  └─ 20260902080000_client_update_provenance/
    └─ migration.sql
  └─ 20260902090000_atomic_review_submission/
    └─ migration.sql
  └─ 20260902162843_consultant_review_draft_workspace/
    └─ migration.sql
  └─ 20260902170000_review_analysis_recommendation/
    └─ migration.sql
  └─ 20260902180000_immutable_credit_review_publication/
    └─ migration.sql
  └─ 20260902225012_shared_plan_engine_foundation/
    └─ migration.sql
  └─ 20260902235829_card_catalog_foundation/
    └─ migration.sql
  └─ 20260903002227_card_insight_process_definition/
    └─ migration.sql
  └─ 20260903030000_seasonal_cycle_round_foundation/
    └─ migration.sql
  └─ 20260903040000_phase12_strategy_foundation/
    └─ migration.sql
  └─ 20260903190000_phase9_12_checkpoint_integrity/
    └─ migration.sql
  └─ 20260903200000_phase13_1_appointments/
    └─ migration.sql
  └─ 20260903210000_phase13_2_live_session/
    └─ migration.sql
  └─ 20260903220000_phase13_3_prelive_confirmation/
    └─ migration.sql
  └─ 20260903230000_phase13_4_credit_application/
    └─ migration.sql
  └─ 20260904000000_phase13_5_execution_decision/
    └─ migration.sql
  └─ 20260904010000_phase14_2_post_round_follow_up/
    └─ migration.sql
  └─ 20260904020000_phase14_3_round_analysis/
    └─ migration.sql
  └─ 20260904030000_phase14_4_round_finalization/
    └─ migration.sql
  └─ 20260904040000_phase15_major_readiness/
    └─ migration.sql
  └─ 20260904050000_phase15_reassessment_outcome/
    └─ migration.sql
  └─ 20260904160000_phase16_support_completion/
    └─ migration.sql
  └─ 20260904170000_phase17_workflow_rules/
    └─ migration.sql
  └─ 20260904171000_phase17_scheduled_jobs/
    └─ migration.sql
  └─ 20260904172000_phase17_retention/
    └─ migration.sql
  └─ 20260904173000_phase17_platform_settings/
    └─ migration.sql
  └─ 20260906120000_apc_wave1_integrity_recovery/
    └─ migration.sql
  └─ 20260910190000_astra_plan_version_metadata/
    └─ migration.sql
  └─ 20260910200000_astra_plan_evidence/
    └─ migration.sql
  └─ 20260910210000_astra_response_drafts/
    └─ migration.sql
  └─ 20260922000000_entry_f1/
    └─ migration.sql

All migrations have been successfully applied.
